[centos@ip-172-31-63-154 build]$ aws ec2 create-fpga-image --region us-east-1 --name bad_wns_50_core --input-storage-location Bucket=fpga-dcp,Key=dcp/17_09_08-060834.Developer_CL.tar --logs-storage-location Bucket=fpga-dcp,Key=logs
{
    "FpgaImageId": "afi-07b046d414a672b27", 
    "FpgaImageGlobalId": "agfi-0d7757aa2b8b448dd"
}

[centos@ip-172-31-63-154 build]$ aws ec2 create-fpga-image --region us-east-1 --name 2_core_0x1 --input-storage-location Bucket=fpga-dcp,Key=dcp/17_09_09-052014.Developer_CL.tar --logs-storage-location Bucket=fpga-dcp,Key=logs
{
    "FpgaImageId": "afi-0aa21add78876d7d9", 
    "FpgaImageGlobalId": "agfi-011dea9c9fd335c93"
}

[centos@ip-172-31-63-154 scripts]$ aws ec2 create-fpga-image --region us-east-1 --name 200_core_tree_select --input-storage-location Bucket=fpga-dcp,Key=dcp/17_10_02-052726.Developer_CL.tar --logs-storage-location Bucket=fpga-dcp,Key=logs
{
    "FpgaImageId": "afi-02491737d41cf4c2c", 
    "FpgaImageGlobalId": "agfi-01721941edf98366e" (verified correct)
}

[centos@ip-172-31-63-154 cl_dram_dma]$ aws ec2 create-fpga-image --region us-east-1 --name 224_core_tree_select_faster_mem --input-storage-location Bucket=fpga-dcp,Key=dcp/17_10_05-211624.Developer_CL.tar --logs-storage-location Bucket=fpga-dcp,Key=logs
{
    "FpgaImageId": "afi-0b32cae375d9728f6", 
    "FpgaImageGlobalId": "agfi-07ba3943d3f26e90d"
}

[centos@ip-172-31-63-154 cl_dram_dma]$ aws ec2 create-fpga-image --region us-east-1 --name 224_core_tree_select_faster_mem (actually experimental 224_core 16-beat burst) --input-storage-location Bucket=fpga-dcp,Key=dcp/17_10_09-064550.Developer_CL.tar --logs-storage-location Bucket=fpga-dcp,Key=logs
{
    "FpgaImageId": "afi-00702ad7e9fea0755", 
    "FpgaImageGlobalId": "agfi-057287619ba144c6f"
}

[centos@ip-172-31-63-154 scripts]$ aws ec2 create-fpga-image --region us-east-1 --name 224_core_input_output_grouped --input-storage-location Bucket=fpga-dcp,Key=dcp/17_10_10-091233.Developer_CL.tar --logs-storage-location Bucket=fpga-dcp,Key=logs
{
    "FpgaImageId": "afi-0c39cc6765cb01f8d", 
    "FpgaImageGlobalId": "agfi-0960d9f5743f89343"
}

[centos@ip-172-31-63-154 scripts]$ aws ec2 create-fpga-image --region us-east-1 --name 512_core_input_output_grouped (output skipping also) --input-storage-location Bucket=fpga-dcp,Key=dcp/17_10_11-084249.Developer_CL.tar --logs-storage-location Bucket=fpga-dcp,Key=logs
{
    "FpgaImageId": "afi-082fd1820c5dce690", 
    "FpgaImageGlobalId": "agfi-0b3539980f5d78b2a"
}

[centos@ip-172-31-63-154 scripts]$ aws ec2 create-fpga-image --region us-east-1 --name 512_core_input_output_grouped_4_channel (output skipping also) --input-storage-location Bucket=fpga-dcp,Key=dcp/17_10_12-060550.Developer_CL.tar --logs-storage-location Bucket=fpga-dcp,Key=logs
{
    "FpgaImageId": "afi-0b8cbccf2270529f6", 
    "FpgaImageGlobalId": "agfi-0e11755175cee5b0c"
}

[centos@ip-172-31-63-154 build]$ ./upload_build.sh 17_10_17-181856.Developer_CL.tar 512_core_output_addr_piped
upload: checkpoints/to_aws/17_10_17-181856.Developer_CL.tar to s3://fpga-dcp/dcp/17_10_17-181856.Developer_CL.tar
{
    "FpgaImageId": "afi-009a67b863f8c823f", 
    "FpgaImageGlobalId": "agfi-0b53c66cade44041f"
}

[centos@ip-172-31-50-136 build]$ aws ec2 create-fpga-image --region us-east-1 --name 512_core_group_size_32_real --input-storage-location Bucket=fpga-dcp,Key=dcp/17_10_19-235904.Developer_CL.tar --logs-storage-location Bucket=fpga-dcp,Key=logs
{
    "FpgaImageId": "afi-0ca41c791a3ddf4d7", 
    "FpgaImageGlobalId": "agfi-06bd2550d6190b332"
}

[centos@ip-172-31-63-154 build]$ ./upload_build.sh 17_10_20-175407 512_core_32_bit_bramWidth (group size 16) [seems to have failed to build]
upload: checkpoints/to_aws/17_10_20-175407.Developer_CL.tar to s3://fpga-dcp/dcp/17_10_20-175407.Developer_CL.tar
{
    "FpgaImageId": "afi-0b60868328ac1d889", 
    "FpgaImageGlobalId": "agfi-038c28190a7987cb1"
}

[centos@ip-172-31-63-154 build]$ ./upload_build.sh 17_10_22-084115 512_core_16_group_32_bramWidth_no_awid
upload: checkpoints/to_aws/17_10_22-084115.Developer_CL.tar to s3://fpga-dcp/dcp/17_10_22-084115.Developer_CL.tar
{
    "FpgaImageId": "afi-0514be7e6d541f5f1", 
    "FpgaImageGlobalId": "agfi-0d623efcbc23ff25f"
}

[centos@ip-172-31-50-136 runtime]$ aws ec2 create-fpga-image --region us-east-1 --name 512_core_32_bit_bramWidth_real (group size 16) --input-storage-location Bucket=fpga-dcp,Key=dcp/17_10_20-175407.Developer_CL.tar --logs-storage-location Bucket=fpga-dcp,Key=logs
{
    "FpgaImageId": "afi-0facdd40824476421", 
    "FpgaImageGlobalId": "agfi-0e4bc02e3876e0486"
}

[centos@ip-172-31-63-154 build]$ ./upload_build.sh 17_10_23-002732 512_core_16_group_16_bramWidth
upload: checkpoints/to_aws/17_10_23-002732.Developer_CL.tar to s3://fpga-dcp/dcp/17_10_23-002732.Developer_CL.tar
{
    "FpgaImageId": "afi-040f8227b82637cf7", 
    "FpgaImageGlobalId": "agfi-003d3e81dd95c3169"
}

[centos@ip-172-31-63-154 build]$ ./upload_build.sh 17_10_23-175212 704_core_16_group_16_bramWidth
upload: checkpoints/to_aws/17_10_23-175212.Developer_CL.tar to s3://fpga-dcp/dcp/17_10_23-175212.Developer_CL.tar
{
    "FpgaImageId": "afi-09fbb2064c496a3e9", 
    "FpgaImageGlobalId": "agfi-0f8ab5b4f4b39b790"
}

[centos@ip-172-31-63-154 build]$ ./upload_build.sh 17_10_25-084050 512_core_16_group_16_bramWidth_8_bits_proc
upload: checkpoints/to_aws/17_10_25-084050.Developer_CL.tar to s3://fpga-dcp/dcp/17_10_25-084050.Developer_CL.tar
{
    "FpgaImageId": "afi-082816f9bc0f3a8b0", 
    "FpgaImageGlobalId": "agfi-0cdd29a9bfd2b7453"
}

[centos@ip-172-31-63-154 build]$ ./upload_build.sh 17_10_25-205719 512_core_16_group_32_bramWidth_8_bit
upload: checkpoints/to_aws/17_10_25-205719.Developer_CL.tar to s3://fpga-dcp/dcp/17_10_25-205719.Developer_CL.tar
{
    "FpgaImageId": "afi-0a94020b7e4aed710", 
    "FpgaImageGlobalId": "agfi-008e52b99262ad040"
}

[centos@ip-172-31-63-154 build]$ ./upload_build.sh 17_10_30-064350 512_core_16_group_32_bramWidth_8_bit_word_1024_bit_bramLine
upload: checkpoints/to_aws/17_10_30-064350.Developer_CL.tar to s3://fpga-dcp/dcp/17_10_30-064350.Developer_CL.tar
{
    "FpgaImageId": "afi-058ba1db70a323659", 
    "FpgaImageGlobalId": "agfi-0dcefde6c10af71fe"
}

[centos@ip-172-31-63-154 build]$ ./upload_build.sh 17_10_31-060332 512_core_16_group_32_bramWidth_8_bit_word_1024_bit_bramLine_fixed
upload: checkpoints/to_aws/17_10_31-060332.Developer_CL.tar to s3://fpga-dcp/dcp/17_10_31-060332.Developer_CL.tar
{
    "FpgaImageId": "afi-08c2c46d3fae015ae", 
    "FpgaImageGlobalId": "agfi-03cf5b1578dbcba44"
}
