[centos@ip-172-31-63-154 build]$ aws ec2 create-fpga-image --region us-east-1 --name bad_wns_50_core --input-storage-location Bucket=fpga-dcp,Key=dcp/17_09_08-060834.Developer_CL.tar --logs-storage-location Bucket=fpga-dcp,Key=logs
{
    "FpgaImageId": "afi-07b046d414a672b27", 
    "FpgaImageGlobalId": "agfi-0d7757aa2b8b448dd"
}

[centos@ip-172-31-63-154 build]$ aws ec2 create-fpga-image --region us-east-1 --name 2_core_0x1 --input-storage-location Bucket=fpga-dcp,Key=dcp/17_09_09-052014.Developer_CL.tar --logs-storage-location Bucket=fpga-dcp,Key=logs
{
    "FpgaImageId": "afi-0aa21add78876d7d9", 
    "FpgaImageGlobalId": "agfi-011dea9c9fd335c93"
}

[centos@ip-172-31-63-154 scripts]$ aws ec2 create-fpga-image --region us-east-1 --name 200_core_tree_select --input-storage-location Bucket=fpga-dcp,Key=dcp/17_10_02-052726.Developer_CL.tar --logs-storage-location Bucket=fpga-dcp,Key=logs
{
    "FpgaImageId": "afi-02491737d41cf4c2c", 
    "FpgaImageGlobalId": "agfi-01721941edf98366e" (verified correct)
}

[centos@ip-172-31-63-154 cl_dram_dma]$ aws ec2 create-fpga-image --region us-east-1 --name 224_core_tree_select_faster_mem --input-storage-location Bucket=fpga-dcp,Key=dcp/17_10_05-211624.Developer_CL.tar --logs-storage-location Bucket=fpga-dcp,Key=logs
{
    "FpgaImageId": "afi-0b32cae375d9728f6", 
    "FpgaImageGlobalId": "agfi-07ba3943d3f26e90d"
}

[centos@ip-172-31-63-154 cl_dram_dma]$ aws ec2 create-fpga-image --region us-east-1 --name 224_core_tree_select_faster_mem (actually experimental 224_core 16-beat burst) --input-storage-location Bucket=fpga-dcp,Key=dcp/17_10_09-064550.Developer_CL.tar --logs-storage-location Bucket=fpga-dcp,Key=logs
{
    "FpgaImageId": "afi-00702ad7e9fea0755", 
    "FpgaImageGlobalId": "agfi-057287619ba144c6f"
}

[centos@ip-172-31-63-154 scripts]$ aws ec2 create-fpga-image --region us-east-1 --name 224_core_input_output_grouped --input-storage-location Bucket=fpga-dcp,Key=dcp/17_10_10-091233.Developer_CL.tar --logs-storage-location Bucket=fpga-dcp,Key=logs
{
    "FpgaImageId": "afi-0c39cc6765cb01f8d", 
    "FpgaImageGlobalId": "agfi-0960d9f5743f89343"
}

[centos@ip-172-31-63-154 scripts]$ aws ec2 create-fpga-image --region us-east-1 --name 512_core_input_output_grouped (output skipping also) --input-storage-location Bucket=fpga-dcp,Key=dcp/17_10_11-084249.Developer_CL.tar --logs-storage-location Bucket=fpga-dcp,Key=logs
{
    "FpgaImageId": "afi-082fd1820c5dce690", 
    "FpgaImageGlobalId": "agfi-0b3539980f5d78b2a"
}

[centos@ip-172-31-63-154 scripts]$ aws ec2 create-fpga-image --region us-east-1 --name 512_core_input_output_grouped_4_channel (output skipping also) --input-storage-location Bucket=fpga-dcp,Key=dcp/17_10_12-060550.Developer_CL.tar --logs-storage-location Bucket=fpga-dcp,Key=logs
{
    "FpgaImageId": "afi-0b8cbccf2270529f6", 
    "FpgaImageGlobalId": "agfi-0e11755175cee5b0c"
}

[centos@ip-172-31-63-154 build]$ ./upload_build.sh 17_10_17-181856.Developer_CL.tar 512_core_output_addr_piped
upload: checkpoints/to_aws/17_10_17-181856.Developer_CL.tar to s3://fpga-dcp/dcp/17_10_17-181856.Developer_CL.tar
{
    "FpgaImageId": "afi-009a67b863f8c823f", 
    "FpgaImageGlobalId": "agfi-0b53c66cade44041f"
}

[centos@ip-172-31-50-136 build]$ aws ec2 create-fpga-image --region us-east-1 --name 512_core_group_size_32_real --input-storage-location Bucket=fpga-dcp,Key=dcp/17_10_19-235904.Developer_CL.tar --logs-storage-location Bucket=fpga-dcp,Key=logs
{
    "FpgaImageId": "afi-0ca41c791a3ddf4d7", 
    "FpgaImageGlobalId": "agfi-06bd2550d6190b332"
}

[centos@ip-172-31-63-154 build]$ ./upload_build.sh 17_10_20-175407 512_core_32_bit_bramWidth (group size 16) [seems to have failed to build]
upload: checkpoints/to_aws/17_10_20-175407.Developer_CL.tar to s3://fpga-dcp/dcp/17_10_20-175407.Developer_CL.tar
{
    "FpgaImageId": "afi-0b60868328ac1d889", 
    "FpgaImageGlobalId": "agfi-038c28190a7987cb1"
}

[centos@ip-172-31-63-154 build]$ ./upload_build.sh 17_10_22-084115 512_core_16_group_32_bramWidth_no_awid
upload: checkpoints/to_aws/17_10_22-084115.Developer_CL.tar to s3://fpga-dcp/dcp/17_10_22-084115.Developer_CL.tar
{
    "FpgaImageId": "afi-0514be7e6d541f5f1", 
    "FpgaImageGlobalId": "agfi-0d623efcbc23ff25f"
}

[centos@ip-172-31-50-136 runtime]$ aws ec2 create-fpga-image --region us-east-1 --name 512_core_32_bit_bramWidth_real (group size 16) --input-storage-location Bucket=fpga-dcp,Key=dcp/17_10_20-175407.Developer_CL.tar --logs-storage-location Bucket=fpga-dcp,Key=logs
{
    "FpgaImageId": "afi-0facdd40824476421", 
    "FpgaImageGlobalId": "agfi-0e4bc02e3876e0486"
}

[centos@ip-172-31-63-154 build]$ ./upload_build.sh 17_10_23-002732 512_core_16_group_16_bramWidth
upload: checkpoints/to_aws/17_10_23-002732.Developer_CL.tar to s3://fpga-dcp/dcp/17_10_23-002732.Developer_CL.tar
{
    "FpgaImageId": "afi-040f8227b82637cf7", 
    "FpgaImageGlobalId": "agfi-003d3e81dd95c3169"
}

[centos@ip-172-31-63-154 build]$ ./upload_build.sh 17_10_23-175212 704_core_16_group_16_bramWidth
upload: checkpoints/to_aws/17_10_23-175212.Developer_CL.tar to s3://fpga-dcp/dcp/17_10_23-175212.Developer_CL.tar
{
    "FpgaImageId": "afi-09fbb2064c496a3e9", 
    "FpgaImageGlobalId": "agfi-0f8ab5b4f4b39b790"
}

[centos@ip-172-31-63-154 build]$ ./upload_build.sh 17_10_25-084050 512_core_16_group_16_bramWidth_8_bits_proc
upload: checkpoints/to_aws/17_10_25-084050.Developer_CL.tar to s3://fpga-dcp/dcp/17_10_25-084050.Developer_CL.tar
{
    "FpgaImageId": "afi-082816f9bc0f3a8b0", 
    "FpgaImageGlobalId": "agfi-0cdd29a9bfd2b7453"
}

[centos@ip-172-31-63-154 build]$ ./upload_build.sh 17_10_25-205719 512_core_16_group_32_bramWidth_8_bit
upload: checkpoints/to_aws/17_10_25-205719.Developer_CL.tar to s3://fpga-dcp/dcp/17_10_25-205719.Developer_CL.tar
{
    "FpgaImageId": "afi-0a94020b7e4aed710", 
    "FpgaImageGlobalId": "agfi-008e52b99262ad040"
}

[centos@ip-172-31-63-154 build]$ ./upload_build.sh 17_10_30-064350 512_core_16_group_32_bramWidth_8_bit_word_1024_bit_bramLine
upload: checkpoints/to_aws/17_10_30-064350.Developer_CL.tar to s3://fpga-dcp/dcp/17_10_30-064350.Developer_CL.tar
{
    "FpgaImageId": "afi-058ba1db70a323659", 
    "FpgaImageGlobalId": "agfi-0dcefde6c10af71fe"
}

[centos@ip-172-31-63-154 build]$ ./upload_build.sh 17_10_31-060332 512_core_16_group_32_bramWidth_8_bit_word_1024_bit_bramLine_fixed
upload: checkpoints/to_aws/17_10_31-060332.Developer_CL.tar to s3://fpga-dcp/dcp/17_10_31-060332.Developer_CL.tar
{
    "FpgaImageId": "afi-08c2c46d3fae015ae", 
    "FpgaImageGlobalId": "agfi-03cf5b1578dbcba44"
}

[centos@ip-172-31-62-108 build]$ ./upload_build.sh 17_11_08-090846 512_core_csv_new_input_skipping_pipeline
upload: checkpoints/to_aws/17_11_08-090846.Developer_CL.tar to s3://fpga-dcp/dcp/17_11_08-090846.Developer_CL.tar
{
    "FpgaImageId": "afi-059a3ac79f0cecffa", 
    "FpgaImageGlobalId": "agfi-002af88b7386612b1"
}

[centos@ip-172-31-62-108 build]$ ./upload_build.sh 17_11_08-232331 512_core_csv_new_input_skipping_pipeline_fixed (16_group_32_bramWidth_1024_bit_bramLine)
upload: checkpoints/to_aws/17_11_08-232331.Developer_CL.tar to s3://fpga-dcp/dcp/17_11_08-232331.Developer_CL.tar
{
    "FpgaImageId": "afi-05a01a4eb2d0ad6b9", 
    "FpgaImageGlobalId": "agfi-08c780de4298e8938"
}

[centos@ip-172-31-62-108 build]$ ./upload_build.sh 17_11_09-193528 512_core_csv_2048_buffers_new_input_skipping_pipeline (8_group_32_bramWidth_2048_bit_bramLine)
upload: checkpoints/to_aws/17_11_09-193528.Developer_CL.tar to s3://fpga-dcp/dcp/17_11_09-193528.Developer_CL.tar
{
    "FpgaImageId": "afi-0d35b2672b765f856", 
    "FpgaImageGlobalId": "agfi-02356d33ea965b325"
}

[centos@ip-172-31-62-108 build]$ ./upload_build.sh 18_01_12-065509 json_field_extractor_specialized (512_core_16_group_16_bramWidth_512_bit_bramLine)
(select "stats"."mean", "stats"."variance")
upload: checkpoints/to_aws/18_01_12-065509.Developer_CL.tar to s3://fpga-dcp/dcp/18_01_12-065509.Developer_CL.tar
{
    "FpgaImageId": "afi-0c405933a0b82cb42", 
    "FpgaImageGlobalId": "agfi-000898dd9da895a4d"
}

[centos@ip-172-31-49-152 build]$ ./upload_build.sh 18_04_08-080615 128_unit_integer_coder_16_width
upload: checkpoints/to_aws/18_04_08-080615.Developer_CL.tar to s3://fpga-dcp/dcp/18_04_08-080615.Developer_CL.tar
# 1000000000L, 1000000000L), 128, 16, 16, 16, 32, 8, (coreId: Int) => new IntegerCoder(32, 4, Array(1, 2, 3, 4, 5, 6, 7, 8, 9, 10, 11, 12, 13, 16, 20, 32), coreId)))
{
    "FpgaImageId": "afi-04eeebe9c3b2cf76e", 
    "FpgaImageGlobalId": "agfi-0f7fad49962058216"
}

[centos@ip-172-31-49-152 build]$ ./upload_build.sh 18_05_03-173613 512_unit_generic_json_32_width_1024_bramLine
upload: checkpoints/to_aws/18_05_03-173613.Developer_CL.tar to s3://fpga-dcp/dcp/18_05_03-173613.Developer_CL.tar
# 1000000000L, 1000000000L), 512, 16, 16, 32, 32, 8, (coreId: Int) => new JsonFieldExtractor.JsonFieldExtractorGeneric(200, 10, 5, coreId)))
{
    "FpgaImageId": "afi-0e1ede97aec398da5", 
    "FpgaImageGlobalId": "agfi-01466ed572f75d7a4"
}

[centos@ip-172-31-49-152 build]$ ./upload_build.sh 18_05_04-233002 bandwidth_test
upload: checkpoints/to_aws/18_05_04-233002.Developer_CL.tar to s3://fpga-dcp/dcp/18_05_04-233002.Developer_CL.tar
{
    "FpgaImageId": "afi-07f7460bdc02f6b05", 
    "FpgaImageGlobalId": "agfi-0f3dd10e59b40a343"
}

[centos@ip-172-31-49-152 build]$ ./upload_build.sh 18_05_05-062329 512_unit_generic_json_32_width_1024_bramLine_2_readAhead
upload: checkpoints/to_aws/18_05_05-062329.Developer_CL.tar to s3://fpga-dcp/dcp/18_05_05-062329.Developer_CL.tar
# 1000000000L, 1000000000L), 512, 16, 2, 16, 32, 32, 8, (coreId: Int) => new JsonFieldExtractor.JsonFieldExtractorGeneric(200, 10, 5, coreId)))
{
    "FpgaImageId": "afi-08e6f0c14cab062e3", 
    "FpgaImageGlobalId": "agfi-0ba0dfc4ee2de2e49"
}

[centos@ip-172-31-49-152 build]$ ./upload_build.sh 18_05_07-045014 bandwidth_test_no_output
upload: checkpoints/to_aws/18_05_07-045014.Developer_CL.tar to s3://fpga-dcp/dcp/18_05_07-045014.Developer_CL.tar
{
    "FpgaImageId": "afi-045d4f32bad607ff7", 
    "FpgaImageGlobalId": "agfi-014bfd5b6af4693ed"
}

[centos@ip-172-31-49-152 build]$ ./upload_build.sh 18_05_07-190248 bandwidth_test_no_output_burstSize_2
upload: checkpoints/to_aws/18_05_07-190248.Developer_CL.tar to s3://fpga-dcp/dcp/18_05_07-190248.Developer_CL.tar
{
    "FpgaImageId": "afi-0098678efb2e40600", 
    "FpgaImageGlobalId": "agfi-0d84ae86cf97fdcf2"
}

[centos@ip-172-31-49-152 build]$ ./upload_build.sh 18_05_08-092740 bandwidth_test_parameterized
upload: checkpoints/to_aws/18_05_08-092740.Developer_CL.tar to s3://fpga-dcp/dcp/18_05_08-092740.Developer_CL.tar
{
    "FpgaImageId": "afi-02558b13083875f26", 
    "FpgaImageGlobalId": "agfi-08806cb4510288347"
}

[centos@ip-172-31-49-152 build]$ ./upload_build.sh 18_05_08-222845 bandwidth_test_parameterized_fixed
upload: checkpoints/to_aws/18_05_08-222845.Developer_CL.tar to s3://fpga-dcp/dcp/18_05_08-222845.Developer_CL.tar
{
    "FpgaImageId": "afi-0d40a07ce8cfec8bf", 
    "FpgaImageGlobalId": "agfi-02c47bdecb8277ccd"
}

[centos@ip-172-31-49-152 build]$ ./upload_build.sh 18_05_09-193602 bandwidth_test_parameterized_more_fixed
upload: checkpoints/to_aws/18_05_09-193602.Developer_CL.tar to s3://fpga-dcp/dcp/18_05_09-193602.Developer_CL.tar
{
    "FpgaImageId": "afi-0b19b9d63b1740d0f", 
    "FpgaImageGlobalId": "agfi-0d3fcbc2db6d37ce3"
}

[centos@ip-172-31-49-152 build]$ ./upload_build.sh 18_05_10-013102 bandwidth_test_parameterized_more_fixed2
upload: checkpoints/to_aws/18_05_10-013102.Developer_CL.tar to s3://fpga-dcp/dcp/18_05_10-013102.Developer_CL.tar
# usage: first 64-bit word = (1L << 40) | (32768 << 8) | (3), second 64-bit word = 31-bit input length in bytes
{
    "FpgaImageId": "afi-06ea765c3d776944a", 
    "FpgaImageGlobalId": "agfi-0d29278f40718358c"
}

[centos@ip-172-31-49-152 build]$ ./upload_build.sh 18_05_12-101842 512_unit_generic_json_32_width_2048_bramLine_4_readAhead_4_4_io_group
upload: checkpoints/to_aws/18_05_12-101842.Developer_CL.tar to s3://fpga-dcp/dcp/18_05_12-101842.Developer_CL.tar
# 1000000000L, 1000000000L), 512, 4, 4, 4, 32, 64, 8, (coreId: Int) => new JsonFieldExtractor.JsonFieldExtractorGeneric(200, 10, 5, coreId)))
{
    "FpgaImageId": "afi-0154fbae1d219b7d0", 
    "FpgaImageGlobalId": "agfi-0c407cb1ff7af35a8"
}

[centos@ip-172-31-49-152 build]$ ./upload_build.sh 18_05_13-061159 256_unit_generic_json_32_width_2048_bramLine_16_io_group_2_readAhead
upload: checkpoints/to_aws/18_05_13-061159.Developer_CL.tar to s3://fpga-dcp/dcp/18_05_13-061159.Developer_CL.tar
# 1000000000L, 1000000000L), 256, 16, 2, 16, 32, 64, 8, (coreId: Int) => new JsonFieldExtractor.JsonFieldExtractorGeneric(200, 10, 5, coreId)))
{
    "FpgaImageId": "afi-0ee754030879b263d", 
    "FpgaImageGlobalId": "agfi-045c6887ab2245304"
}

[centos@ip-172-31-49-152 build]$ ./upload_build.sh 18_05_14-125244 256_unit_generic_json_64_width_1024_bramLine_16_io_group_2_readAhead
upload: checkpoints/to_aws/18_05_14-125244.Developer_CL.tar to s3://fpga-dcp/dcp/18_05_14-125244.Developer_CL.tar
# 1000000000L, 1000000000L), 256, 16, 2, 16, 64, 16, 8, (coreId: Int) => new JsonFieldExtractor.JsonFieldExtractorGeneric(200, 10, 5, coreId)))
{
    "FpgaImageId": "afi-0dc054a2e3c80c281", 
    "FpgaImageGlobalId": "agfi-0788996789ed7acc2"
}

[centos@ip-172-31-49-152 build]$ ./upload_build.sh 18_05_16-210632 192_unit_integer_coder_32_width_1024_bramLine_16_io_group_2_readAhead
upload: checkpoints/to_aws/18_05_16-210632.Developer_CL.tar to s3://fpga-dcp/dcp/18_05_16-210632.Developer_CL.tar
# 1000000000L, 1000000000L), 192, 16, 2, 16, 32, 32, 8, (coreId: Int) => new IntegerCoder(32, 4, Array(1, 2, 3, 4, 5, 6, 7, 8, 9, 10, 11, 12, 13, 16, 20, 32), coreId)))
{
    "FpgaImageId": "afi-00b0e1644cfd21584", 
    "FpgaImageGlobalId": "agfi-07d243960d37d5666"
}

[centos@ip-172-31-49-152 build]$ ./upload_build.sh 18_05_25-190652 512_unit_generic_json_32_width_1024_bramLine_2_readAhead_faster_input_controller
upload: checkpoints/to_aws/18_05_25-190652.Developer_CL.tar to s3://fpga-dcp/dcp/18_05_25-190652.Developer_CL.tar
# 1000000000L, 1000000000L), 512, 16, 2, 16, 32, 32, 8, (coreId: Int) => new JsonFieldExtractor.JsonFieldExtractorGeneric(200, 10, 5, coreId)))
{
    "FpgaImageId": "afi-016219200162040b3", 
    "FpgaImageGlobalId": "agfi-06d2080c471ffefe3"
}

[centos@ip-172-31-49-152 build]$ ./upload_build.sh 18_05_27-223514 192_unit_integer_coder_32_width_1024_bramLine_16_io_group_2_readAhead_32bit_input
upload: checkpoints/to_aws/18_05_27-223514.Developer_CL.tar to s3://fpga-dcp/dcp/18_05_27-223514.Developer_CL.tar
# 1000000000L, 1000000000L), 192, 16, 2, 16, 32, 32, (coreId: Int) => new IntegerCoder(32, 4, Array(1, 2, 3, 4, 5, 6, 7, 8, 9, 10, 11, 12, 13, 16, 20, 32), coreId)))
{
    "FpgaImageId": "afi-0c71e7e6f16a80bb5", 
    "FpgaImageGlobalId": "agfi-01cef5250fcc88e5f"
}
